// Jest Snapshot v1, https://goo.gl/fbAQLP

exports[`Matches snapshot for identify 1`] = `
Array [
  "%c[IDENTIFY]",
  "color: #0000ff; font-weight: bold",
]
`;

exports[`Matches snapshot for track 1`] = `
Array [
  "event: %cfoo",
  "color: #000000; font-weight: bold",
]
`;
